Building Windows application...                                    19.5s
ΓêÜ Built build\windows\x64\runner\Debug\htcommander.exe
